// Jest Snapshot v1, https://goo.gl/fbAQLP

exports[`Should withReviewForm component renders correctly 1`] = `<div />`;
