// Jest Snapshot v1, https://goo.gl/fbAQLP

exports[`Should NotFoundPage renders correctly 1`] = `
<div
  className="page"
>
  <header
    className="header"
  >
    <div
      className="container"
    >
      <div
        className="header__wrapper"
      >
        <div
          className="header__left"
        >
          <a
            className="header__logo-link header__logo-link--active"
            href="/"
            onClick={[Function]}
          >
            <img
              alt="6 cities logo"
              className="header__logo"
              height="41"
              src="test-file-stub"
              width="81"
            />
          </a>
        </div>
        <nav
          className="header__nav"
        >
          <ul
            className="header__nav-list"
          >
            <li
              className="header__nav-item user"
            >
              <a
                className="header__nav-link header__nav-link--profile"
                href="/favorite"
                onClick={[Function]}
              >
                <div
                  className="header__avatar-wrapper user__avatar-wrapper"
                >
                  <img
                    alt="User avatar"
                    className="user__avatar"
                    height={54}
                    src="https://assets.htmlacademy.ru/intensives/javascript-3/avatar/7.jpg"
                    width={54}
                  />
                </div>
                <span
                  className="header__user-name user__name"
                >
                  Oliver.conner@gmail.com
                </span>
              </a>
            </li>
          </ul>
        </nav>
      </div>
    </div>
  </header>
  <main
    className="page__main"
  >
    <div
      className="not-found-page__wrapper"
    >
      <h1
        className="not-found-page__title"
      >
        404. Page not found
      </h1>
      <p
        className="not-found-page__description"
      >
        The page you were looking for does not exist. Go to the 
        <a
          className="not-found-page__link"
          href="/"
          onClick={[Function]}
        >
          main page
        </a>
      </p>
    </div>
  </main>
  <footer
    className="footer container"
  >
    <a
      className="footer__logo-link"
      href="/"
      onClick={[Function]}
    >
      <img
        alt="6 cities logo"
        className="footer__logo"
        height="33"
        src="test-file-stub"
        width="64"
      />
    </a>
  </footer>
</div>
`;
