// Jest Snapshot v1, https://goo.gl/fbAQLP

exports[`Should Footer component renders correctly 1`] = `
<footer
  className="footer container"
>
  <a
    className="footer__logo-link"
    href="/"
    onClick={[Function]}
  >
    <img
      alt="6 cities logo"
      className="footer__logo"
      height="33"
      src="test-file-stub"
      width="64"
    />
  </a>
</footer>
`;
