// Jest Snapshot v1, https://goo.gl/fbAQLP

exports[`Should withActiveState component renders correctly 1`] = `<div />`;
