// Jest Snapshot v1, https://goo.gl/fbAQLP

exports[`Should CitiesList renders correctly 1`] = `
<ul
  className="locations__list tabs__list"
>
  <li
    className="locations__item"
  >
    <a
      className="locations__item-link tabs__item tabs__item--active"
      href="/#paris"
      onClick={[Function]}
    >
      <span>
        Paris
      </span>
    </a>
  </li>
  <li
    className="locations__item"
  >
    <a
      className="locations__item-link tabs__item "
      href="/#cologne"
      onClick={[Function]}
    >
      <span>
        Cologne
      </span>
    </a>
  </li>
  <li
    className="locations__item"
  >
    <a
      className="locations__item-link tabs__item "
      href="/#brussels"
      onClick={[Function]}
    >
      <span>
        Brussels
      </span>
    </a>
  </li>
  <li
    className="locations__item"
  >
    <a
      className="locations__item-link tabs__item "
      href="/#amsterdam"
      onClick={[Function]}
    >
      <span>
        Amsterdam
      </span>
    </a>
  </li>
  <li
    className="locations__item"
  >
    <a
      className="locations__item-link tabs__item "
      href="/#hamburg"
      onClick={[Function]}
    >
      <span>
        Hamburg
      </span>
    </a>
  </li>
  <li
    className="locations__item"
  >
    <a
      className="locations__item-link tabs__item "
      href="/#dusseldorf"
      onClick={[Function]}
    >
      <span>
        Dusseldorf
      </span>
    </a>
  </li>
</ul>
`;
