// Jest Snapshot v1, https://goo.gl/fbAQLP

exports[`Should withActiveItem component renders correctly 1`] = `<div />`;
