// Jest Snapshot v1, https://goo.gl/fbAQLP

exports[`Should FavoritesList renders correctly 1`] = `
<main
  className="page__main page__main--favorites"
>
  <div
    className="page__favorites-container container"
  >
    <section
      className="favorites"
    >
      <h1
        className="favorites__title"
      >
        Saved listing
      </h1>
      <ul
        className="favorites__list"
      >
        <li
          className="favorites__locations-items"
        >
          <div
            className="favorites__locations locations locations--current"
          >
            <div
              className="locations__item"
            >
              <a
                className="locations__item-link"
                href="/#cologne"
                onClick={[Function]}
              >
                <span>
                  Cologne
                </span>
              </a>
            </div>
          </div>
          <div
            className="favorites__places"
          >
            <article
              className="favorites__card place-card card-favorites"
              onMouseEnter={[Function]}
              onMouseLeave={[Function]}
            >
              <div
                className="place-card__mark"
              >
                <span>
                  Premium
                </span>
              </div>
              <div
                className="favorites__image-wrapper place-card__image-wrapper"
              >
                <a
                  href="/hotels/69"
                  onClick={[Function]}
                >
                  <img
                    alt="Penthouse, 4-5 rooms + 5 balconies"
                    className="place-card__image"
                    height={110}
                    src="https://assets.htmlacademy.ru/intensives/javascript-3/hotel/11.jpg"
                    width={150}
                  />
                </a>
              </div>
              <div
                className="favorites__card-info place-card__info"
              >
                <div
                  className="place-card__price-wrapper"
                >
                  <div
                    className="place-card__price"
                  >
                    <b
                      className="place-card__price-value"
                    >
                      €
                      228
                    </b>
                    <span
                      className="place-card__price-text"
                    >
                      / night
                    </span>
                  </div>
                  <button
                    className="place-card__bookmark-button  button"
                    onClick={[Function]}
                    type="button"
                  >
                    <svg
                      className="place-card__bookmark-icon"
                      height={19}
                      width={18}
                    >
                      <use
                        xlinkHref="#icon-bookmark"
                      />
                    </svg>
                    <span
                      className="visually-hidden"
                    >
                      To bookmarks
                    </span>
                  </button>
                </div>
                <div
                  className="place-card__rating rating"
                >
                  <div
                    className="place-card__stars rating__stars"
                  >
                    <span
                      style={
                        Object {
                          "width": "100%",
                        }
                      }
                    />
                    <span
                      className="visually-hidden"
                    >
                      Rating
                    </span>
                  </div>
                </div>
                <h2
                  className="place-card__name"
                >
                  <a
                    href="/hotels/69"
                    onClick={[Function]}
                  >
                    Penthouse, 4-5 rooms + 5 balconies
                  </a>
                </h2>
                <p
                  className="place-card__type"
                >
                  Room
                </p>
              </div>
            </article>
          </div>
        </li>
        <li
          className="favorites__locations-items"
        >
          <div
            className="favorites__locations locations locations--current"
          >
            <div
              className="locations__item"
            >
              <a
                className="locations__item-link"
                href="/#hamburg"
                onClick={[Function]}
              >
                <span>
                  Hamburg
                </span>
              </a>
            </div>
          </div>
          <div
            className="favorites__places"
          >
            <article
              className="favorites__card place-card card-favorites"
              onMouseEnter={[Function]}
              onMouseLeave={[Function]}
            >
              <div
                className="favorites__image-wrapper place-card__image-wrapper"
              >
                <a
                  href="/hotels/67"
                  onClick={[Function]}
                >
                  <img
                    alt="Penthouse, 4-5 rooms + 5 balconies"
                    className="place-card__image"
                    height={110}
                    src="https://assets.htmlacademy.ru/intensives/javascript-3/hotel/9.jpg"
                    width={150}
                  />
                </a>
              </div>
              <div
                className="favorites__card-info place-card__info"
              >
                <div
                  className="place-card__price-wrapper"
                >
                  <div
                    className="place-card__price"
                  >
                    <b
                      className="place-card__price-value"
                    >
                      €
                      190
                    </b>
                    <span
                      className="place-card__price-text"
                    >
                      / night
                    </span>
                  </div>
                  <button
                    className="place-card__bookmark-button  button"
                    onClick={[Function]}
                    type="button"
                  >
                    <svg
                      className="place-card__bookmark-icon"
                      height={19}
                      width={18}
                    >
                      <use
                        xlinkHref="#icon-bookmark"
                      />
                    </svg>
                    <span
                      className="visually-hidden"
                    >
                      To bookmarks
                    </span>
                  </button>
                </div>
                <div
                  className="place-card__rating rating"
                >
                  <div
                    className="place-card__stars rating__stars"
                  >
                    <span
                      style={
                        Object {
                          "width": "62%",
                        }
                      }
                    />
                    <span
                      className="visually-hidden"
                    >
                      Rating
                    </span>
                  </div>
                </div>
                <h2
                  className="place-card__name"
                >
                  <a
                    href="/hotels/67"
                    onClick={[Function]}
                  >
                    Penthouse, 4-5 rooms + 5 balconies
                  </a>
                </h2>
                <p
                  className="place-card__type"
                >
                  Room
                </p>
              </div>
            </article>
            <article
              className="favorites__card place-card card-favorites"
              onMouseEnter={[Function]}
              onMouseLeave={[Function]}
            >
              <div
                className="place-card__mark"
              >
                <span>
                  Premium
                </span>
              </div>
              <div
                className="favorites__image-wrapper place-card__image-wrapper"
              >
                <a
                  href="/hotels/68"
                  onClick={[Function]}
                >
                  <img
                    alt="Loft Studio in the Central Area"
                    className="place-card__image"
                    height={110}
                    src="https://assets.htmlacademy.ru/intensives/javascript-3/hotel/9.jpg"
                    width={150}
                  />
                </a>
              </div>
              <div
                className="favorites__card-info place-card__info"
              >
                <div
                  className="place-card__price-wrapper"
                >
                  <div
                    className="place-card__price"
                  >
                    <b
                      className="place-card__price-value"
                    >
                      €
                      301
                    </b>
                    <span
                      className="place-card__price-text"
                    >
                      / night
                    </span>
                  </div>
                  <button
                    className="place-card__bookmark-button  button"
                    onClick={[Function]}
                    type="button"
                  >
                    <svg
                      className="place-card__bookmark-icon"
                      height={19}
                      width={18}
                    >
                      <use
                        xlinkHref="#icon-bookmark"
                      />
                    </svg>
                    <span
                      className="visually-hidden"
                    >
                      To bookmarks
                    </span>
                  </button>
                </div>
                <div
                  className="place-card__rating rating"
                >
                  <div
                    className="place-card__stars rating__stars"
                  >
                    <span
                      style={
                        Object {
                          "width": "70%",
                        }
                      }
                    />
                    <span
                      className="visually-hidden"
                    >
                      Rating
                    </span>
                  </div>
                </div>
                <h2
                  className="place-card__name"
                >
                  <a
                    href="/hotels/68"
                    onClick={[Function]}
                  >
                    Loft Studio in the Central Area
                  </a>
                </h2>
                <p
                  className="place-card__type"
                >
                  Hotel
                </p>
              </div>
            </article>
          </div>
        </li>
        <li
          className="favorites__locations-items"
        >
          <div
            className="favorites__locations locations locations--current"
          >
            <div
              className="locations__item"
            >
              <a
                className="locations__item-link"
                href="/#paris"
                onClick={[Function]}
              >
                <span>
                  Paris
                </span>
              </a>
            </div>
          </div>
          <div
            className="favorites__places"
          >
            <article
              className="favorites__card place-card card-favorites"
              onMouseEnter={[Function]}
              onMouseLeave={[Function]}
            >
              <div
                className="favorites__image-wrapper place-card__image-wrapper"
              >
                <a
                  href="/hotels/66"
                  onClick={[Function]}
                >
                  <img
                    alt="The Pondhouse - A Magical Place"
                    className="place-card__image"
                    height={110}
                    src="https://assets.htmlacademy.ru/intensives/javascript-3/hotel/8.jpg"
                    width={150}
                  />
                </a>
              </div>
              <div
                className="favorites__card-info place-card__info"
              >
                <div
                  className="place-card__price-wrapper"
                >
                  <div
                    className="place-card__price"
                  >
                    <b
                      className="place-card__price-value"
                    >
                      €
                      111
                    </b>
                    <span
                      className="place-card__price-text"
                    >
                      / night
                    </span>
                  </div>
                  <button
                    className="place-card__bookmark-button  button"
                    onClick={[Function]}
                    type="button"
                  >
                    <svg
                      className="place-card__bookmark-icon"
                      height={19}
                      width={18}
                    >
                      <use
                        xlinkHref="#icon-bookmark"
                      />
                    </svg>
                    <span
                      className="visually-hidden"
                    >
                      To bookmarks
                    </span>
                  </button>
                </div>
                <div
                  className="place-card__rating rating"
                >
                  <div
                    className="place-card__stars rating__stars"
                  >
                    <span
                      style={
                        Object {
                          "width": "44%",
                        }
                      }
                    />
                    <span
                      className="visually-hidden"
                    >
                      Rating
                    </span>
                  </div>
                </div>
                <h2
                  className="place-card__name"
                >
                  <a
                    href="/hotels/66"
                    onClick={[Function]}
                  >
                    The Pondhouse - A Magical Place
                  </a>
                </h2>
                <p
                  className="place-card__type"
                >
                  House
                </p>
              </div>
            </article>
          </div>
        </li>
      </ul>
    </section>
  </div>
</main>
`;
